#< CLIXML
(node:20408) ExperimentalWarning: `--experimental-loader` may be removed in the future; instead use `register()`:
--import 'data:text/javascript,import { register } from "node:module"; import { pathToFileURL } from "node:url"; register("./scripts/ai-training-loader.mjs", pathToFileURL("./"));'
(Use `node --trace-warnings ...` to show where the warning was created)
(node:20408) [MODULE_TYPELESS_PACKAGE_JSON] Warning: Module type of file:///C:/Users/user/chaos-td/packages/ai-training/dist/index.js is not specified and it doesn't parse as CommonJS.
Reparsing as ES module because module syntax was detected. This incurs a performance overhead.
To eliminate this warning, add "type": "module" to \\?\C:\Users\user\chaos-td\packages\ai-training\package.json.
(Use `node --trace-warnings ...` to show where the warning was created)
(node:20408) [MODULE_TYPELESS_PACKAGE_JSON] Warning: Module type of file:///C:/Users/user/chaos-td/packages/game-data/dist/index.js is not specified and it doesn't parse as CommonJS.
Reparsing as ES module because module syntax was detected. This incurs a performance overhead.
To eliminate this warning, add "type": "module" to \\?\C:\Users\user\chaos-td\packages\game-data\package.json.
(node:20408) [MODULE_TYPELESS_PACKAGE_JSON] Warning: Module type of file:///C:/Users/user/chaos-td/packages/game-core/dist/index.js is not specified and it doesn't parse as CommonJS.
Reparsing as ES module because module syntax was detected. This incurs a performance overhead.
To eliminate this warning, add "type": "module" to \\?\C:\Users\user\chaos-td\packages\game-core\package.json.
(node:20408) [MODULE_TYPELESS_PACKAGE_JSON] Warning: Module type of file:///C:/Users/user/chaos-td/packages/ai-strategy/dist/index.js is not specified and it doesn't parse as CommonJS.
Reparsing as ES module because module syntax was detected. This incurs a performance overhead.
To eliminate this warning, add "type": "module" to \\?\C:\Users\user\chaos-td\packages\ai-strategy\package.json.
(node:14912) ExperimentalWarning: `--experimental-loader` may be removed in the future; instead use `register()`:
--import 'data:text/javascript,import { register } from "node:module"; import { pathToFileURL } from "node:url"; register("./scripts/ai-training-loader.mjs", pathToFileURL("./"));'
(Use `node --trace-warnings ...` to show where the warning was created)
(node:14912) [MODULE_TYPELESS_PACKAGE_JSON] Warning: Module type of file:///C:/Users/user/chaos-td/packages/ai-training/dist/index.js is not specified and it doesn't parse as CommonJS.
Reparsing as ES module because module syntax was detected. This incurs a performance overhead.
To eliminate this warning, add "type": "module" to \\?\C:\Users\user\chaos-td\packages\ai-training\package.json.
(Use `node --trace-warnings ...` to show where the warning was created)
(node:14912) [MODULE_TYPELESS_PACKAGE_JSON] Warning: Module type of file:///C:/Users/user/chaos-td/packages/game-data/dist/index.js is not specified and it doesn't parse as CommonJS.
Reparsing as ES module because module syntax was detected. This incurs a performance overhead.
To eliminate this warning, add "type": "module" to \\?\C:\Users\user\chaos-td\packages\game-data\package.json.
(node:14912) [MODULE_TYPELESS_PACKAGE_JSON] Warning: Module type of file:///C:/Users/user/chaos-td/packages/game-core/dist/index.js is not specified and it doesn't parse as CommonJS.
Reparsing as ES module because module syntax was detected. This incurs a performance overhead.
To eliminate this warning, add "type": "module" to \\?\C:\Users\user\chaos-td\packages\game-core\package.json.
(node:14912) [MODULE_TYPELESS_PACKAGE_JSON] Warning: Module type of file:///C:/Users/user/chaos-td/packages/ai-strategy/dist/index.js is not specified and it doesn't parse as CommonJS.
Reparsing as ES module because module syntax was detected. This incurs a performance overhead.
To eliminate this warning, add "type": "module" to \\?\C:\Users\user\chaos-td\packages\ai-strategy\package.json.
(node:10076) ExperimentalWarning: `--experimental-loader` may be removed in the future; instead use `register()`:
--import 'data:text/javascript,import { register } from "node:module"; import { pathToFileURL } from "node:url"; register("./scripts/ai-training-loader.mjs", pathToFileURL("./"));'
(Use `node --trace-warnings ...` to show where the warning was created)
(node:10076) [MODULE_TYPELESS_PACKAGE_JSON] Warning: Module type of file:///C:/Users/user/chaos-td/packages/ai-training/dist/index.js is not specified and it doesn't parse as CommonJS.
Reparsing as ES module because module syntax was detected. This incurs a performance overhead.
To eliminate this warning, add "type": "module" to \\?\C:\Users\user\chaos-td\packages\ai-training\package.json.
(Use `node --trace-warnings ...` to show where the warning was created)
(node:10076) [MODULE_TYPELESS_PACKAGE_JSON] Warning: Module type of file:///C:/Users/user/chaos-td/packages/game-data/dist/index.js is not specified and it doesn't parse as CommonJS.
Reparsing as ES module because module syntax was detected. This incurs a performance overhead.
To eliminate this warning, add "type": "module" to \\?\C:\Users\user\chaos-td\packages\game-data\package.json.
(node:10076) [MODULE_TYPELESS_PACKAGE_JSON] Warning: Module type of file:///C:/Users/user/chaos-td/packages/game-core/dist/index.js is not specified and it doesn't parse as CommonJS.
Reparsing as ES module because module syntax was detected. This incurs a performance overhead.
To eliminate this warning, add "type": "module" to \\?\C:\Users\user\chaos-td\packages\game-core\package.json.
(node:10076) [MODULE_TYPELESS_PACKAGE_JSON] Warning: Module type of file:///C:/Users/user/chaos-td/packages/ai-strategy/dist/index.js is not specified and it doesn't parse as CommonJS.
Reparsing as ES module because module syntax was detected. This incurs a performance overhead.
To eliminate this warning, add "type": "module" to \\?\C:\Users\user\chaos-td\packages\ai-strategy\package.json.
(node:9464) ExperimentalWarning: `--experimental-loader` may be removed in the future; instead use `register()`:
--import 'data:text/javascript,import { register } from "node:module"; import { pathToFileURL } from "node:url"; register("./scripts/ai-training-loader.mjs", pathToFileURL("./"));'
(Use `node --trace-warnings ...` to show where the warning was created)
(node:9464) [MODULE_TYPELESS_PACKAGE_JSON] Warning: Module type of file:///C:/Users/user/chaos-td/packages/ai-training/dist/index.js is not specified and it doesn't parse as CommonJS.
Reparsing as ES module because module syntax was detected. This incurs a performance overhead.
To eliminate this warning, add "type": "module" to \\?\C:\Users\user\chaos-td\packages\ai-training\package.json.
(Use `node --trace-warnings ...` to show where the warning was created)
(node:9464) [MODULE_TYPELESS_PACKAGE_JSON] Warning: Module type of file:///C:/Users/user/chaos-td/packages/game-data/dist/index.js is not specified and it doesn't parse as CommonJS.
Reparsing as ES module because module syntax was detected. This incurs a performance overhead.
To eliminate this warning, add "type": "module" to \\?\C:\Users\user\chaos-td\packages\game-data\package.json.
(node:9464) [MODULE_TYPELESS_PACKAGE_JSON] Warning: Module type of file:///C:/Users/user/chaos-td/packages/game-core/dist/index.js is not specified and it doesn't parse as CommonJS.
Reparsing as ES module because module syntax was detected. This incurs a performance overhead.
To eliminate this warning, add "type": "module" to \\?\C:\Users\user\chaos-td\packages\game-core\package.json.
(node:9464) [MODULE_TYPELESS_PACKAGE_JSON] Warning: Module type of file:///C:/Users/user/chaos-td/packages/ai-strategy/dist/index.js is not specified and it doesn't parse as CommonJS.
Reparsing as ES module because module syntax was detected. This incurs a performance overhead.
To eliminate this warning, add "type": "module" to \\?\C:\Users\user\chaos-td\packages\ai-strategy\package.json.
(node:20260) ExperimentalWarning: `--experimental-loader` may be removed in the future; instead use `register()`:
--import 'data:text/javascript,import { register } from "node:module"; import { pathToFileURL } from "node:url"; register("./scripts/ai-training-loader.mjs", pathToFileURL("./"));'
(Use `node --trace-warnings ...` to show where the warning was created)
(node:20260) [MODULE_TYPELESS_PACKAGE_JSON] Warning: Module type of file:///C:/Users/user/chaos-td/packages/ai-training/dist/index.js is not specified and it doesn't parse as CommonJS.
Reparsing as ES module because module syntax was detected. This incurs a performance overhead.
To eliminate this warning, add "type": "module" to \\?\C:\Users\user\chaos-td\packages\ai-training\package.json.
(Use `node --trace-warnings ...` to show where the warning was created)
(node:20260) [MODULE_TYPELESS_PACKAGE_JSON] Warning: Module type of file:///C:/Users/user/chaos-td/packages/game-data/dist/index.js is not specified and it doesn't parse as CommonJS.
Reparsing as ES module because module syntax was detected. This incurs a performance overhead.
To eliminate this warning, add "type": "module" to \\?\C:\Users\user\chaos-td\packages\game-data\package.json.
(node:20260) [MODULE_TYPELESS_PACKAGE_JSON] Warning: Module type of file:///C:/Users/user/chaos-td/packages/game-core/dist/index.js is not specified and it doesn't parse as CommonJS.
Reparsing as ES module because module syntax was detected. This incurs a performance overhead.
To eliminate this warning, add "type": "module" to \\?\C:\Users\user\chaos-td\packages\game-core\package.json.
(node:20260) [MODULE_TYPELESS_PACKAGE_JSON] Warning: Module type of file:///C:/Users/user/chaos-td/packages/ai-strategy/dist/index.js is not specified and it doesn't parse as CommonJS.
Reparsing as ES module because module syntax was detected. This incurs a performance overhead.
To eliminate this warning, add "type": "module" to \\?\C:\Users\user\chaos-td\packages\ai-strategy\package.json.
(node:1880) ExperimentalWarning: `--experimental-loader` may be removed in the future; instead use `register()`:
--import 'data:text/javascript,import { register } from "node:module"; import { pathToFileURL } from "node:url"; register("./scripts/ai-training-loader.mjs", pathToFileURL("./"));'
(Use `node --trace-warnings ...` to show where the warning was created)
(node:1880) [MODULE_TYPELESS_PACKAGE_JSON] Warning: Module type of file:///C:/Users/user/chaos-td/packages/ai-training/dist/index.js is not specified and it doesn't parse as CommonJS.
Reparsing as ES module because module syntax was detected. This incurs a performance overhead.
To eliminate this warning, add "type": "module" to \\?\C:\Users\user\chaos-td\packages\ai-training\package.json.
(Use `node --trace-warnings ...` to show where the warning was created)
(node:1880) [MODULE_TYPELESS_PACKAGE_JSON] Warning: Module type of file:///C:/Users/user/chaos-td/packages/game-data/dist/index.js is not specified and it doesn't parse as CommonJS.
Reparsing as ES module because module syntax was detected. This incurs a performance overhead.
To eliminate this warning, add "type": "module" to \\?\C:\Users\user\chaos-td\packages\game-data\package.json.
(node:1880) [MODULE_TYPELESS_PACKAGE_JSON] Warning: Module type of file:///C:/Users/user/chaos-td/packages/game-core/dist/index.js is not specified and it doesn't parse as CommonJS.
Reparsing as ES module because module syntax was detected. This incurs a performance overhead.
To eliminate this warning, add "type": "module" to \\?\C:\Users\user\chaos-td\packages\game-core\package.json.
(node:1880) [MODULE_TYPELESS_PACKAGE_JSON] Warning: Module type of file:///C:/Users/user/chaos-td/packages/ai-strategy/dist/index.js is not specified and it doesn't parse as CommonJS.
Reparsing as ES module because module syntax was detected. This incurs a performance overhead.
To eliminate this warning, add "type": "module" to \\?\C:\Users\user\chaos-td\packages\ai-strategy\package.json.
(node:10488) ExperimentalWarning: `--experimental-loader` may be removed in the future; instead use `register()`:
--import 'data:text/javascript,import { register } from "node:module"; import { pathToFileURL } from "node:url"; register("./scripts/ai-training-loader.mjs", pathToFileURL("./"));'
(Use `node --trace-warnings ...` to show where the warning was created)
(node:10488) [MODULE_TYPELESS_PACKAGE_JSON] Warning: Module type of file:///C:/Users/user/chaos-td/packages/ai-training/dist/index.js is not specified and it doesn't parse as CommonJS.
Reparsing as ES module because module syntax was detected. This incurs a performance overhead.
To eliminate this warning, add "type": "module" to \\?\C:\Users\user\chaos-td\packages\ai-training\package.json.
(Use `node --trace-warnings ...` to show where the warning was created)
(node:10488) [MODULE_TYPELESS_PACKAGE_JSON] Warning: Module type of file:///C:/Users/user/chaos-td/packages/game-data/dist/index.js is not specified and it doesn't parse as CommonJS.
Reparsing as ES module because module syntax was detected. This incurs a performance overhead.
To eliminate this warning, add "type": "module" to \\?\C:\Users\user\chaos-td\packages\game-data\package.json.
(node:10488) [MODULE_TYPELESS_PACKAGE_JSON] Warning: Module type of file:///C:/Users/user/chaos-td/packages/game-core/dist/index.js is not specified and it doesn't parse as CommonJS.
Reparsing as ES module because module syntax was detected. This incurs a performance overhead.
To eliminate this warning, add "type": "module" to \\?\C:\Users\user\chaos-td\packages\game-core\package.json.
(node:10488) [MODULE_TYPELESS_PACKAGE_JSON] Warning: Module type of file:///C:/Users/user/chaos-td/packages/ai-strategy/dist/index.js is not specified and it doesn't parse as CommonJS.
Reparsing as ES module because module syntax was detected. This incurs a performance overhead.
To eliminate this warning, add "type": "module" to \\?\C:\Users\user\chaos-td\packages\ai-strategy\package.json.
(node:12556) ExperimentalWarning: `--experimental-loader` may be removed in the future; instead use `register()`:
--import 'data:text/javascript,import { register } from "node:module"; import { pathToFileURL } from "node:url"; register("./scripts/ai-training-loader.mjs", pathToFileURL("./"));'
(Use `node --trace-warnings ...` to show where the warning was created)
(node:12556) [MODULE_TYPELESS_PACKAGE_JSON] Warning: Module type of file:///C:/Users/user/chaos-td/packages/ai-training/dist/index.js is not specified and it doesn't parse as CommonJS.
Reparsing as ES module because module syntax was detected. This incurs a performance overhead.
To eliminate this warning, add "type": "module" to \\?\C:\Users\user\chaos-td\packages\ai-training\package.json.
(Use `node --trace-warnings ...` to show where the warning was created)
(node:12556) [MODULE_TYPELESS_PACKAGE_JSON] Warning: Module type of file:///C:/Users/user/chaos-td/packages/game-data/dist/index.js is not specified and it doesn't parse as CommonJS.
Reparsing as ES module because module syntax was detected. This incurs a performance overhead.
To eliminate this warning, add "type": "module" to \\?\C:\Users\user\chaos-td\packages\game-data\package.json.
(node:12556) [MODULE_TYPELESS_PACKAGE_JSON] Warning: Module type of file:///C:/Users/user/chaos-td/packages/game-core/dist/index.js is not specified and it doesn't parse as CommonJS.
Reparsing as ES module because module syntax was detected. This incurs a performance overhead.
To eliminate this warning, add "type": "module" to \\?\C:\Users\user\chaos-td\packages\game-core\package.json.
(node:12556) [MODULE_TYPELESS_PACKAGE_JSON] Warning: Module type of file:///C:/Users/user/chaos-td/packages/ai-strategy/dist/index.js is not specified and it doesn't parse as CommonJS.
Reparsing as ES module because module syntax was detected. This incurs a performance overhead.
To eliminate this warning, add "type": "module" to \\?\C:\Users\user\chaos-td\packages\ai-strategy\package.json.
(node:348) ExperimentalWarning: `--experimental-loader` may be removed in the future; instead use `register()`:
--import 'data:text/javascript,import { register } from "node:module"; import { pathToFileURL } from "node:url"; register("./scripts/ai-training-loader.mjs", pathToFileURL("./"));'
(Use `node --trace-warnings ...` to show where the warning was created)
(node:348) [MODULE_TYPELESS_PACKAGE_JSON] Warning: Module type of file:///C:/Users/user/chaos-td/packages/ai-training/dist/index.js is not specified and it doesn't parse as CommonJS.
Reparsing as ES module because module syntax was detected. This incurs a performance overhead.
To eliminate this warning, add "type": "module" to \\?\C:\Users\user\chaos-td\packages\ai-training\package.json.
(Use `node --trace-warnings ...` to show where the warning was created)
(node:348) [MODULE_TYPELESS_PACKAGE_JSON] Warning: Module type of file:///C:/Users/user/chaos-td/packages/game-data/dist/index.js is not specified and it doesn't parse as CommonJS.
Reparsing as ES module because module syntax was detected. This incurs a performance overhead.
To eliminate this warning, add "type": "module" to \\?\C:\Users\user\chaos-td\packages\game-data\package.json.
(node:348) [MODULE_TYPELESS_PACKAGE_JSON] Warning: Module type of file:///C:/Users/user/chaos-td/packages/game-core/dist/index.js is not specified and it doesn't parse as CommonJS.
Reparsing as ES module because module syntax was detected. This incurs a performance overhead.
To eliminate this warning, add "type": "module" to \\?\C:\Users\user\chaos-td\packages\game-core\package.json.
(node:348) [MODULE_TYPELESS_PACKAGE_JSON] Warning: Module type of file:///C:/Users/user/chaos-td/packages/ai-strategy/dist/index.js is not specified and it doesn't parse as CommonJS.
Reparsing as ES module because module syntax was detected. This incurs a performance overhead.
To eliminate this warning, add "type": "module" to \\?\C:\Users\user\chaos-td\packages\ai-strategy\package.json.
(node:14204) ExperimentalWarning: `--experimental-loader` may be removed in the future; instead use `register()`:
--import 'data:text/javascript,import { register } from "node:module"; import { pathToFileURL } from "node:url"; register("./scripts/ai-training-loader.mjs", pathToFileURL("./"));'
(Use `node --trace-warnings ...` to show where the warning was created)
(node:14204) [MODULE_TYPELESS_PACKAGE_JSON] Warning: Module type of file:///C:/Users/user/chaos-td/packages/ai-training/dist/index.js is not specified and it doesn't parse as CommonJS.
Reparsing as ES module because module syntax was detected. This incurs a performance overhead.
To eliminate this warning, add "type": "module" to \\?\C:\Users\user\chaos-td\packages\ai-training\package.json.
(Use `node --trace-warnings ...` to show where the warning was created)
(node:14204) [MODULE_TYPELESS_PACKAGE_JSON] Warning: Module type of file:///C:/Users/user/chaos-td/packages/game-data/dist/index.js is not specified and it doesn't parse as CommonJS.
Reparsing as ES module because module syntax was detected. This incurs a performance overhead.
To eliminate this warning, add "type": "module" to \\?\C:\Users\user\chaos-td\packages\game-data\package.json.
(node:14204) [MODULE_TYPELESS_PACKAGE_JSON] Warning: Module type of file:///C:/Users/user/chaos-td/packages/game-core/dist/index.js is not specified and it doesn't parse as CommonJS.
Reparsing as ES module because module syntax was detected. This incurs a performance overhead.
To eliminate this warning, add "type": "module" to \\?\C:\Users\user\chaos-td\packages\game-core\package.json.
(node:14204) [MODULE_TYPELESS_PACKAGE_JSON] Warning: Module type of file:///C:/Users/user/chaos-td/packages/ai-strategy/dist/index.js is not specified and it doesn't parse as CommonJS.
Reparsing as ES module because module syntax was detected. This incurs a performance overhead.
To eliminate this warning, add "type": "module" to \\?\C:\Users\user\chaos-td\packages\ai-strategy\package.json.
(node:14592) ExperimentalWarning: `--experimental-loader` may be removed in the future; instead use `register()`:
--import 'data:text/javascript,import { register } from "node:module"; import { pathToFileURL } from "node:url"; register("./scripts/ai-training-loader.mjs", pathToFileURL("./"));'
(Use `node --trace-warnings ...` to show where the warning was created)
file:///C:/Users/user/chaos-td/scripts/run-ai-evolution.mjs:51
if (issues.length > 0) throw new Error(`Training validation failed: ${JSON.stringify(issues)}`);
                             ^

Error: Training validation failed: [{"code":"invalid_command_rate_positive","message":"invalidCommandRate is 0.05263157894736842","generation":3,"strategyId":"g3-p-0021"}]
    at file:///C:/Users/user/chaos-td/scripts/run-ai-evolution.mjs:51:30
    at ModuleJob.run (node:internal/modules/esm/module_job:439:25)
    at process.processTicksAndRejections (node:internal/process/task_queues:104:5)
    at async node:internal/modules/esm/loader:643:26
    at async asyncRunEntryPointWithESMLoader (node:internal/modules/run_main:101:5)

Node.js v24.18.0
<Objs Version="1.1.0.1" xmlns="http://schemas.microsoft.com/powershell/2004/04"><Obj S="progress" RefId="0"><TN RefId="0"><T>System.Management.Automation.PSCustomObject</T><T>System.Object</T></TN><MS><I64 N="SourceId">1</I64><PR N="Record"><AV>正在準備模組以便第一次使用。</AV><AI>0</AI><Nil /><PI>-1</PI><PC>-1</PC><T>Completed</T><SR>-1</SR><SD> </SD></PR></MS></Obj><Obj S="progress" RefId="1"><TNRef RefId="0" /><MS><I64 N="SourceId">1</I64><PR N="Record"><AV>正在準備模組以便第一次使用。</AV><AI>0</AI><Nil /><PI>-1</PI><PC>-1</PC><T>Completed</T><SR>-1</SR><SD> </SD></PR></MS></Obj></Objs>